// Jest Snapshot v1, https://goo.gl/fbAQLP

exports[`<TaskPercentField /> should match snapshot 1`] = `
<DocumentFragment>
  <div
    class="MuiFormControl-root MuiTextField-root"
  >
    <div
      class="MuiInputBase-root MuiFilledInput-root MuiFilledInput-underline MuiInputBase-formControl MuiInputBase-adornedEnd MuiFilledInput-adornedEnd"
    >
      <input
        aria-invalid="false"
        class="MuiInputBase-input MuiFilledInput-input MuiInputBase-inputAdornedEnd MuiFilledInput-inputAdornedEnd"
        name="field"
        type="text"
        value=""
      />
      <div
        class="MuiInputAdornment-root MuiInputAdornment-filled MuiInputAdornment-positionEnd"
      >
        <p
          class="MuiTypography-root MuiTypography-body1 MuiTypography-colorTextSecondary"
        >
          %
        </p>
      </div>
    </div>
  </div>
</DocumentFragment>
`;
