// Jest Snapshot v1, https://goo.gl/fbAQLP

exports[`<TalkTrack /> should match snapshot 1`] = `
<DocumentFragment>
  <div
    class="MuiPaper-root makeStyles-paper-6 MuiPaper-elevation0 MuiPaper-rounded"
  >
    <p
      class="MuiTypography-root makeStyles-title-7 MuiTypography-body1 MuiTypography-colorPrimary"
    >
      Intro
    </p>
    <p
      class="MuiTypography-root makeStyles-speech-8 MuiTypography-body2"
    >
      Some speech
    </p>
    <button
      class="MuiButtonBase-root MuiButton-root MuiButton-text"
      tabindex="0"
      type="button"
    >
      <span
        class="MuiButton-label"
      >
        Skip
      </span>
      <span
        class="MuiTouchRipple-root"
      />
    </button>
  </div>
</DocumentFragment>
`;
