// Jest Snapshot v1, https://goo.gl/fbAQLP

exports[`<CleaveInput /> should match snapshot 1`] = `
<DocumentFragment>
  <input
    type="text"
    value=""
  />
</DocumentFragment>
`;
