// Jest Snapshot v1, https://goo.gl/fbAQLP

exports[`<TaskField /> should match snapshot 1`] = `
<DocumentFragment>
  <div
    data-testid="text-field"
  />
</DocumentFragment>
`;
