// Jest Snapshot v1, https://goo.gl/fbAQLP

exports[`<Notes /> should match snapshot 1`] = `
<DocumentFragment>
  <h5
    class="MuiTypography-root MuiTypography-h5 MuiTypography-alignCenter"
  >
    Notes
  </h5>
  <div
    class="makeStyles-notesContainer-5"
  />
  <form
    class="MuiPaper-root MuiCard-root MuiPaper-elevation1 MuiPaper-rounded"
  >
    <div
      class="MuiCardContent-root"
    >
      <div
        class="MuiFormControl-root MuiTextField-root MuiFormControl-fullWidth"
      >
        <label
          class="MuiFormLabel-root MuiInputLabel-root MuiInputLabel-formControl MuiInputLabel-animated MuiInputLabel-filled"
          data-shrink="false"
        >
          New Note
        </label>
        <div
          class="MuiInputBase-root MuiFilledInput-root MuiFilledInput-underline MuiInputBase-fullWidth MuiInputBase-formControl MuiInputBase-multiline MuiFilledInput-multiline"
        >
          <textarea
            aria-invalid="false"
            class="MuiInputBase-input MuiFilledInput-input MuiInputBase-inputMultiline MuiFilledInput-inputMultiline"
            name="newNote"
            rows="1"
            style="height: 0px; overflow: hidden;"
          />
          <textarea
            aria-hidden="true"
            class="MuiInputBase-input MuiFilledInput-input MuiInputBase-inputMultiline MuiFilledInput-inputMultiline"
            readonly=""
            style="visibility: hidden; position: absolute; overflow: hidden; height: 0px; top: 0px; left: 0px; transform: translateZ(0); width: 100%;"
            tabindex="-1"
          />
        </div>
      </div>
    </div>
    <div
      class="MuiCardActions-root MuiCardActions-spacing"
    >
      <button
        class="MuiButtonBase-root MuiButton-root MuiButton-text"
        tabindex="0"
        type="submit"
      >
        <span
          class="MuiButton-label"
        >
          Add
        </span>
        <span
          class="MuiTouchRipple-root"
        />
      </button>
    </div>
  </form>
</DocumentFragment>
`;
