// Jest Snapshot v1, https://goo.gl/fbAQLP

exports[`<Pane /> should match snapshot 1`] = `
<DocumentFragment>
  <section
    class="makeStyles-container-4 makeStyles-panel-3"
  >
    <p
      class="MuiTypography-root MuiTypography-body1"
    />
  </section>
</DocumentFragment>
`;
