// Jest Snapshot v1, https://goo.gl/fbAQLP

exports[`<TaskPhoneField /> should match snapshot 1`] = `
<DocumentFragment>
  <div
    class="MuiFormControl-root MuiTextField-root"
  >
    <div
      class="MuiInputBase-root MuiFilledInput-root MuiFilledInput-underline MuiInputBase-formControl"
    >
      <input
        aria-invalid="false"
        class="MuiInputBase-input MuiFilledInput-input"
        name="field"
        type="tel"
        value=""
      />
    </div>
  </div>
</DocumentFragment>
`;
